gisel@GiseleHome MINGW64 /c/Projetos/Delphi/xxxx (master)
$ git status
On branch master
Your branch is up to date with 'origin/master'.

Changes not staged for commit:
  (use "git add <file>..." to update what will be committed)
  (use "git restore <file>..." to discard changes in working directory)
        modified:   links.txt

no changes added to commit (use "git add" and/or "git commit -a")

gisel@GiseleHome MINGW64 /c/Projetos/Delphi/xxxx (master)
$ git add --all

gisel@GiseleHome MINGW64 /c/Projetos/Delphi/xxxx (master)
$ git commit -m "Comitados 31-10-2020 22:07"
[master f27ab63] Comitados 31-10-2020 22:07
 1 file changed, 3 insertions(+)

gisel@GiseleHome MINGW64 /c/Projetos/Delphi/xxxx (master)
$ git push -u origin master
Enumerating objects: 5, done.
Counting objects: 100% (5/5), done.
Delta compression using up to 8 threads
Compressing objects: 100% (3/3), done.
Writing objects: 100% (3/3), 393 bytes | 393.00 KiB/s, done.
Total 3 (delta 2), reused 0 (delta 0), pack-reused 0
remote: Resolving deltas: 100% (2/2), completed with 2 local objects.
To github.com:giselegoncalves83/Calculadora.git
   9fd2837..f27ab63  master -> master
Branch 'master' set up to track remote branch 'master' from 'origin'.

gisel@GiseleHome MINGW64 /c/Projetos/Delphi/xxxx (master)
